// Jest Snapshot v1, https://goo.gl/fbAQLP

exports[`success conditions Smoke test 1`] = `
Array [
  ".eslintrc.json",
  ".gitattributes",
  ".github/pull_request_template.md",
  ".github/workflows/build.yml",
  ".github/workflows/deploy-chore.yml",
  ".github/workflows/deploy-feature.yml",
  ".github/workflows/deploy-fix.yml",
  ".github/workflows/deploy-main.yml",
  ".github/workflows/pull-request-lint.yml",
  ".github/workflows/release.yml",
  ".github/workflows/upgrade-main.yml",
  ".gitignore",
  ".mergify.yml",
  ".npmignore",
  ".npmrc",
  ".prettierignore",
  ".prettierrc.json",
  ".projen/deps.json",
  ".projen/files.json",
  ".projen/tasks.json",
  ".vscode/extensions.json",
  ".vscode/settings.json",
  "package.json",
  "pnpm-workspace.yaml",
  "README.md",
  "services/my-service/.eslintrc.json",
  "services/my-service/.gitattributes",
  "services/my-service/.gitignore",
  "services/my-service/.npmignore",
  "services/my-service/.npmrc",
  "services/my-service/.prettierignore",
  "services/my-service/.prettierrc.json",
  "services/my-service/.projen/deps.json",
  "services/my-service/.projen/files.json",
  "services/my-service/.projen/tasks.json",
  "services/my-service/cdk.json",
  "services/my-service/package.json",
  "services/my-service/README.md",
  "services/my-service/src/generated/configurations.ts",
  "services/my-service/src/generated/main.ts",
  "services/my-service/src/generated/types.ts",
  "services/my-service/src/main.ts",
  "services/my-service/test/main.test.ts",
  "services/my-service/tsconfig.dev.json",
  "services/my-service/tsconfig.json",
  "src/index.ts",
  "test/hello.test.ts",
  "tsconfig.dev.json",
  "tsconfig.json",
  "turbo.json",
]
`;
