// Jest Snapshot v1, https://goo.gl/fbAQLP

exports[`Smoke test 1`] = `
"export type Error = {
    code: number;
    source: string;
    message: string;
    detail: string;
};

export type Response<T> = {
    data?: T;
    errors: Array<Error>;
    status: number;
};

export type ListResponse<T> = {
    data?: Array<T>;
    errors: Array<Error>;
    status: number;
};
"
`;
