// Jest Snapshot v1, https://goo.gl/fbAQLP

exports[`Task tests Generates expected task in projen 1`] = `
Object {
  "cdk:deploy:east-coast": Object {
    "description": "CDK deploy of East Coast stage",
    "name": "cdk:deploy:east-coast",
    "steps": Array [
      Object {
        "exec": "cdk deploy *-east-coast --require-approval never",
      },
    ],
  },
  "cdk:deploy:west-coast": Object {
    "description": "CDK deploy of West Coast stage",
    "name": "cdk:deploy:west-coast",
    "steps": Array [
      Object {
        "exec": "cdk deploy *-west-coast --require-approval never",
      },
    ],
  },
}
`;
