// Jest Snapshot v1, https://goo.gl/fbAQLP

exports[`success conditions Smoke test 1`] = `
Array [
  Object {
    "name": "Say foo",
    "run": "echo 'foo'",
  },
]
`;

exports[`success conditions With OIDC Configuration test 1`] = `
Array [
  Object {
    "name": "Say foo",
    "run": "echo 'foo'",
  },
]
`;
