// Jest Snapshot v1, https://goo.gl/fbAQLP

exports[`success conditions Smoke test 1`] = `
Array [
  Object {
    "name": "Download build artifacts for \\"foo\\"",
    "uses": "actions/download-artifact@v3",
    "with": Object {
      "name": "build-artifact-acbd18db",
      "path": "foo",
    },
  },
  Object {
    "continueOnError": true,
    "name": "Restore build artifact permissions for \\"foo\\"",
    "run": "setfacl --restore=permissions-backup.acl",
    "workingDirectory": "foo",
  },
]
`;

exports[`success conditions With Deplopy Job 1`] = `
Array [
  Object {
    "name": "Download build artifacts for \\"foo\\"",
    "uses": "actions/download-artifact@v3",
    "with": Object {
      "name": "build-artifact-acbd18db",
      "path": "foo",
    },
  },
  Object {
    "continueOnError": true,
    "name": "Restore build artifact permissions for \\"foo\\"",
    "run": "setfacl --restore=permissions-backup.acl",
    "workingDirectory": "foo",
  },
]
`;
