// Jest Snapshot v1, https://goo.gl/fbAQLP

exports[`success conditions Smoke test 1`] = `Array []`;

exports[`success conditions With Deploy Job 1`] = `
Array [
  Object {
    "continueOnError": true,
    "name": "Backup artifact permissions for \\"foo\\"",
    "run": "getfacl -R . > permissions-backup.acl",
    "workingDirectory": "foo",
  },
  Object {
    "name": "Upload artifacts for \\"foo\\"",
    "uses": "actions/upload-artifact@v3",
    "with": Object {
      "name": "build-artifact-acbd18db",
      "path": "foo",
    },
  },
]
`;
